Configuring shell
Configuring shell in 1.53ms
Loading tasks
Loading tasks in 494µs
Running tasks     devenv:enterShell

Running tasks
Running           devenv:files:cleanup
Running           devenv:python:virtualenv
Succeeded         devenv:files:cleanup (6.33ms)
Failed            devenv:python:virtualenv (8.54ms)
Running           devenv:enterShell
Dependency failed devenv:enterShell
Running           devenv:enterTest
Dependency failed devenv:enterTest
Running tasks in 8.74ms
1 Succeeded, 1 Failed, 2 Dependency Failed

--- devenv:python:virtualenv failed with error: Task exited with status: exit status: 1
--- devenv:python:virtualenv stdout:
0000.01: ~/tacet-src ~/tacet-src
--- devenv:python:virtualenv stderr:
---

Configuring shell
Configuring shell in 1.07ms
[0;34m[20:54:37][0m ==========================================
[0;34m[20:54:37][0m Known-Leaky Crypto TP Rate Measurement
[0;34m[20:54:37][0m ==========================================
[0;34m[20:54:37][0m Iterations: 30
[0;34m[20:54:37][0m Output: /root/bench-results/tier3/results.csv
[0;34m[20:54:37][0m 
[0;34m[20:54:37][0m Test binary: /root/tacet-src/target/release/deps/leaky-f2b66d11fc64d4e7
[0;34m[20:54:37][0m Discovered 6 leaky tests
[0;34m[20:54:37][0m 
[0;34m[20:54:37][0m Running without sudo (default timer). Set TPR_USE_SUDO=1 for PMU timers.
[0;34m[20:54:37][0m Initialized output file: /root/bench-results/tier3/results.csv
[0;34m[20:54:37][0m [1/6] Rust / injected / injected::injected_shift_100ns
[0;34m[20:54:37][0m   Iteration 1/30 (1/180 total)...
[0;31m[20:54:37][0m     → FN (P=0.6%)
[0;34m[20:54:37][0m   Iteration 2/30 (2/180 total)...
[1;33m[20:54:37][0m     → INCONCLUSIVE (P=0.0%)
[0;34m[20:54:37][0m   Iteration 3/30 (3/180 total)...
[1;33m[20:54:37][0m     → INCONCLUSIVE (P=71.9%)
[0;34m[20:54:37][0m   Iteration 4/30 (4/180 total)...
[0;32m[20:54:38][0m     → TP (P=96.8%, 1s)
[0;34m[20:54:38][0m   Iteration 5/30 (5/180 total)...
[1;33m[20:54:38][0m     → INCONCLUSIVE (P=100.0%)
[0;34m[20:54:38][0m   Iteration 6/30 (6/180 total)...
[0;32m[20:54:38][0m     → TP (P=98.7%, 0s)
[0;34m[20:54:38][0m   Iteration 7/30 (7/180 total)...
[0;32m[20:54:39][0m     → TP (P=99.5%, 1s)
[0;34m[20:54:39][0m   Iteration 8/30 (8/180 total)...
[0;32m[20:54:39][0m     → TP (P=99.6%, 0s)
[0;34m[20:54:39][0m   Iteration 9/30 (9/180 total)...
[0;32m[20:54:39][0m     → TP (P=100.0%, 0s)
[0;34m[20:54:39][0m   Iteration 10/30 (10/180 total)...
[1;33m[20:54:40][0m     → INCONCLUSIVE (P=100.0%)
[0;34m[20:54:40][0m   Iteration 11/30 (11/180 total)...
[0;32m[20:54:40][0m     → TP (P=95.9%, 0s)
[0;34m[20:54:40][0m   Iteration 12/30 (12/180 total)...
[1;33m[20:54:40][0m     → INCONCLUSIVE (P=9.8%)
[0;34m[20:54:40][0m   Iteration 13/30 (13/180 total)...
[0;31m[20:54:41][0m     → FN (P=1.4%)
[0;34m[20:54:41][0m   Iteration 14/30 (14/180 total)...
[1;33m[20:54:41][0m     → INCONCLUSIVE (P=100.0%)
[0;34m[20:54:41][0m   Iteration 15/30 (15/180 total)...
[0;32m[20:54:41][0m     → TP (P=99.2%, 0s)
[0;34m[20:54:41][0m   Iteration 16/30 (16/180 total)...
[0;32m[20:54:41][0m     → TP (P=100.0%, 0s)
[0;34m[20:54:41][0m   Iteration 17/30 (17/180 total)...
[1;33m[20:54:42][0m     → INCONCLUSIVE (P=31.9%)
[0;34m[20:54:42][0m   Iteration 18/30 (18/180 total)...
[0;31m[20:54:42][0m     → FN (P=4.0%)
[0;34m[20:54:42][0m   Iteration 19/30 (19/180 total)...
[1;33m[20:54:42][0m     → INCONCLUSIVE (P=46.0%)
[0;34m[20:54:42][0m   Iteration 20/30 (20/180 total)...
[0;32m[20:54:43][0m     → TP (P=97.5%, 1s)
[0;34m[20:54:43][0m   Iteration 21/30 (21/180 total)...
[0;31m[20:54:43][0m     → FN (P=0.4%)
[0;34m[20:54:43][0m   Iteration 22/30 (22/180 total)...
[0;31m[20:54:43][0m     → FN (P=4.5%)
[0;34m[20:54:43][0m   Iteration 23/30 (23/180 total)...
[0;31m[20:54:44][0m     → FN (P=2.7%)
[0;34m[20:54:44][0m   Iteration 24/30 (24/180 total)...
[0;31m[20:54:44][0m     → FN (P=0.7%)
[0;34m[20:54:44][0m   Iteration 25/30 (25/180 total)...
[1;33m[20:54:44][0m     → INCONCLUSIVE (P=0.5%)
[0;34m[20:54:44][0m   Iteration 26/30 (26/180 total)...
[1;33m[20:54:45][0m     → INCONCLUSIVE (P=14.5%)
[0;34m[20:54:45][0m   Iteration 27/30 (27/180 total)...
[1;33m[20:54:45][0m     → INCONCLUSIVE (P=28.7%)
[0;34m[20:54:45][0m   Iteration 28/30 (28/180 total)...
[0;31m[20:54:45][0m     → FN (P=0.1%)
[0;34m[20:54:45][0m   Iteration 29/30 (29/180 total)...
[1;33m[20:54:46][0m     → INCONCLUSIVE (P=1.2%)
[0;34m[20:54:46][0m   Iteration 30/30 (30/180 total)...
[1;33m[20:54:46][0m     → INCONCLUSIVE (P=3.3%)
[0;34m[20:54:46][0m [2/6] Rust / injected / injected::injected_shift_20ns
[0;34m[20:54:46][0m   Iteration 1/30 (31/180 total)...
[1;33m[20:54:46][0m     → INCONCLUSIVE (P=0.0%)
[0;34m[20:54:46][0m   Iteration 2/30 (32/180 total)...
[0;31m[20:54:46][0m     → FN (P=0.0%)
[0;34m[20:54:46][0m   Iteration 3/30 (33/180 total)...
[1;33m[20:54:47][0m     → INCONCLUSIVE (P=0.0%)
[0;34m[20:54:47][0m   Iteration 4/30 (34/180 total)...
[1;33m[20:54:47][0m     → INCONCLUSIVE (P=0.0%)
[0;34m[20:54:47][0m   Iteration 5/30 (35/180 total)...
[0;31m[20:54:47][0m     → FN (P=0.0%)
[0;34m[20:54:47][0m   Iteration 6/30 (36/180 total)...
[1;33m[20:54:48][0m     → INCONCLUSIVE (P=0.0%)
[0;34m[20:54:48][0m   Iteration 7/30 (37/180 total)...
[1;33m[20:54:48][0m     → INCONCLUSIVE (P=0.0%)
[0;34m[20:54:48][0m   Iteration 8/30 (38/180 total)...
[0;31m[20:54:48][0m     → FN (P=0.0%)
[0;34m[20:54:48][0m   Iteration 9/30 (39/180 total)...
[0;31m[20:54:49][0m     → FN (P=0.0%)
[0;34m[20:54:49][0m   Iteration 10/30 (40/180 total)...
[0;31m[20:54:49][0m     → FN (P=0.0%)
[0;34m[20:54:49][0m   Iteration 11/30 (41/180 total)...
[0;31m[20:54:49][0m     → FN (P=0.0%)
[0;34m[20:54:49][0m   Iteration 12/30 (42/180 total)...
[1;33m[20:54:50][0m     → INCONCLUSIVE (P=0.0%)
[0;34m[20:54:50][0m   Iteration 13/30 (43/180 total)...
[1;33m[20:54:50][0m     → INCONCLUSIVE (P=0.0%)
[0;34m[20:54:50][0m   Iteration 14/30 (44/180 total)...
[1;33m[20:54:50][0m     → INCONCLUSIVE (P=0.0%)
[0;34m[20:54:50][0m   Iteration 15/30 (45/180 total)...
[0;31m[20:54:51][0m     → FN (P=0.0%)
[0;34m[20:54:51][0m   Iteration 16/30 (46/180 total)...
[0;31m[20:54:51][0m     → FN (P=0.0%)
[0;34m[20:54:51][0m   Iteration 17/30 (47/180 total)...
[0;31m[20:54:51][0m     → FN (P=0.0%)
[0;34m[20:54:51][0m   Iteration 18/30 (48/180 total)...
[0;31m[20:54:51][0m     → FN (P=0.0%)
[0;34m[20:54:51][0m   Iteration 19/30 (49/180 total)...
[0;31m[20:54:52][0m     → FN (P=0.0%)
[0;34m[20:54:52][0m   Iteration 20/30 (50/180 total)...
[0;31m[20:54:52][0m     → FN (P=0.0%)
[0;34m[20:54:52][0m   Iteration 21/30 (51/180 total)...
[1;33m[20:54:52][0m     → INCONCLUSIVE (P=0.0%)
[0;34m[20:54:52][0m   Iteration 22/30 (52/180 total)...
[1;33m[20:54:53][0m     → INCONCLUSIVE (P=0.0%)
[0;34m[20:54:53][0m   Iteration 23/30 (53/180 total)...
[0;31m[20:54:53][0m     → FN (P=0.0%)
[0;34m[20:54:53][0m   Iteration 24/30 (54/180 total)...
[0;31m[20:54:53][0m     → FN (P=0.0%)
[0;34m[20:54:53][0m   Iteration 25/30 (55/180 total)...
[1;33m[20:54:54][0m     → INCONCLUSIVE (P=0.0%)
[0;34m[20:54:54][0m   Iteration 26/30 (56/180 total)...
[0;31m[20:54:54][0m     → FN (P=0.0%)
[0;34m[20:54:54][0m   Iteration 27/30 (57/180 total)...
[1;33m[20:54:54][0m     → INCONCLUSIVE (P=0.0%)
[0;34m[20:54:54][0m   Iteration 28/30 (58/180 total)...
[1;33m[20:54:55][0m     → INCONCLUSIVE (P=0.0%)
[0;34m[20:54:55][0m   Iteration 29/30 (59/180 total)...
[1;33m[20:54:55][0m     → INCONCLUSIVE (P=0.0%)
[0;34m[20:54:55][0m   Iteration 30/30 (60/180 total)...
[0;31m[20:54:55][0m     → FN (P=0.0%)
[0;34m[20:54:55][0m [3/6] Rust / injected / injected::injected_shift_2ns
[0;34m[20:54:55][0m   Iteration 1/30 (61/180 total)...
[1;33m[20:54:55][0m     → INCONCLUSIVE (P=0.0%)
[0;34m[20:54:55][0m   Iteration 2/30 (62/180 total)...
[1;33m[20:54:56][0m     → INCONCLUSIVE (P=0.0%)
[0;34m[20:54:56][0m   Iteration 3/30 (63/180 total)...
[1;33m[20:54:56][0m     → INCONCLUSIVE (P=0.0%)
[0;34m[20:54:56][0m   Iteration 4/30 (64/180 total)...
[0;31m[20:54:56][0m     → FN (P=0.0%)
[0;34m[20:54:56][0m   Iteration 5/30 (65/180 total)...
[0;31m[20:54:57][0m     → FN (P=0.0%)
[0;34m[20:54:57][0m   Iteration 6/30 (66/180 total)...
[0;31m[20:54:57][0m     → FN (P=0.0%)
[0;34m[20:54:57][0m   Iteration 7/30 (67/180 total)...
[1;33m[20:54:57][0m     → INCONCLUSIVE (P=0.0%)
[0;34m[20:54:57][0m   Iteration 8/30 (68/180 total)...
[0;31m[20:54:58][0m     → FN (P=0.0%)
[0;34m[20:54:58][0m   Iteration 9/30 (69/180 total)...
[1;33m[20:54:58][0m     → INCONCLUSIVE (P=0.0%)
[0;34m[20:54:58][0m   Iteration 10/30 (70/180 total)...
[1;33m[20:54:58][0m     → INCONCLUSIVE (P=0.0%)
[0;34m[20:54:58][0m   Iteration 11/30 (71/180 total)...
[0;31m[20:54:59][0m     → FN (P=0.0%)
[0;34m[20:54:59][0m   Iteration 12/30 (72/180 total)...
[0;31m[20:54:59][0m     → FN (P=0.0%)
[0;34m[20:54:59][0m   Iteration 13/30 (73/180 total)...
[0;31m[20:54:59][0m     → FN (P=0.0%)
[0;34m[20:54:59][0m   Iteration 14/30 (74/180 total)...
[0;31m[20:55:00][0m     → FN (P=0.0%)
[0;34m[20:55:00][0m   Iteration 15/30 (75/180 total)...
[0;31m[20:55:00][0m     → FN (P=0.0%)
[0;34m[20:55:00][0m   Iteration 16/30 (76/180 total)...
[0;31m[20:55:00][0m     → FN (P=0.0%)
[0;34m[20:55:00][0m   Iteration 17/30 (77/180 total)...
[0;31m[20:55:00][0m     → FN (P=0.0%)
[0;34m[20:55:00][0m   Iteration 18/30 (78/180 total)...
[1;33m[20:55:01][0m     → INCONCLUSIVE (P=0.0%)
[0;34m[20:55:01][0m   Iteration 19/30 (79/180 total)...
[0;31m[20:55:01][0m     → FN (P=0.0%)
[0;34m[20:55:01][0m   Iteration 20/30 (80/180 total)...
[1;33m[20:55:01][0m     → INCONCLUSIVE (P=0.0%)
[0;34m[20:55:01][0m   Iteration 21/30 (81/180 total)...
[1;33m[20:55:02][0m     → INCONCLUSIVE (P=0.0%)
[0;34m[20:55:02][0m   Iteration 22/30 (82/180 total)...
[1;33m[20:55:02][0m     → INCONCLUSIVE (P=0.0%)
[0;34m[20:55:02][0m   Iteration 23/30 (83/180 total)...
[0;31m[20:55:02][0m     → FN (P=0.0%)
[0;34m[20:55:02][0m   Iteration 24/30 (84/180 total)...
[1;33m[20:55:03][0m     → INCONCLUSIVE (P=0.0%)
[0;34m[20:55:03][0m   Iteration 25/30 (85/180 total)...
[1;33m[20:55:03][0m     → INCONCLUSIVE (P=0.0%)
[0;34m[20:55:03][0m   Iteration 26/30 (86/180 total)...
[0;31m[20:55:03][0m     → FN (P=0.0%)
[0;34m[20:55:03][0m   Iteration 27/30 (87/180 total)...
[0;31m[20:55:04][0m     → FN (P=0.0%)
[0;34m[20:55:04][0m   Iteration 28/30 (88/180 total)...
[1;33m[20:55:04][0m     → INCONCLUSIVE (P=0.0%)
[0;34m[20:55:04][0m   Iteration 29/30 (89/180 total)...
[0;31m[20:55:04][0m     → FN (P=0.0%)
[0;34m[20:55:04][0m   Iteration 30/30 (90/180 total)...
[0;31m[20:55:04][0m     → FN (P=0.0%)
[0;34m[20:55:04][0m [4/6] Rust / injected / injected::injected_shift_500ns
[0;34m[20:55:04][0m   Iteration 1/30 (91/180 total)...
[0;32m[20:55:05][0m     → TP (P=100.0%, 1s)
[0;34m[20:55:05][0m   Iteration 2/30 (92/180 total)...
[0;32m[20:55:05][0m     → TP (P=100.0%, 0s)
[0;34m[20:55:05][0m   Iteration 3/30 (93/180 total)...
[0;32m[20:55:05][0m     → TP (P=100.0%, 0s)
[0;34m[20:55:05][0m   Iteration 4/30 (94/180 total)...
[0;32m[20:55:06][0m     → TP (P=100.0%, 1s)
[0;34m[20:55:06][0m   Iteration 5/30 (95/180 total)...
[1;33m[20:55:06][0m     → INCONCLUSIVE (P=100.0%)
[0;34m[20:55:06][0m   Iteration 6/30 (96/180 total)...
[1;33m[20:55:06][0m     → INCONCLUSIVE (P=100.0%)
[0;34m[20:55:06][0m   Iteration 7/30 (97/180 total)...
[0;32m[20:55:07][0m     → TP (P=100.0%, 1s)
[0;34m[20:55:07][0m   Iteration 8/30 (98/180 total)...
[0;32m[20:55:07][0m     → TP (P=100.0%, 0s)
[0;34m[20:55:07][0m   Iteration 9/30 (99/180 total)...
[0;32m[20:55:07][0m     → TP (P=100.0%, 0s)
[0;34m[20:55:07][0m   Iteration 10/30 (100/180 total)...
[0;32m[20:55:08][0m     → TP (P=100.0%, 1s)
[0;34m[20:55:08][0m   Iteration 11/30 (101/180 total)...
[0;32m[20:55:08][0m     → TP (P=100.0%, 0s)
[0;34m[20:55:08][0m   Iteration 12/30 (102/180 total)...
[1;33m[20:55:08][0m     → INCONCLUSIVE (P=100.0%)
[0;34m[20:55:08][0m   Iteration 13/30 (103/180 total)...
[1;33m[20:55:09][0m     → INCONCLUSIVE (P=100.0%)
[0;34m[20:55:09][0m   Iteration 14/30 (104/180 total)...
[0;32m[20:55:09][0m     → TP (P=100.0%, 0s)
[0;34m[20:55:09][0m   Iteration 15/30 (105/180 total)...
[1;33m[20:55:09][0m     → INCONCLUSIVE (P=100.0%)
[0;34m[20:55:09][0m   Iteration 16/30 (106/180 total)...
[1;33m[20:55:10][0m     → INCONCLUSIVE (P=100.0%)
[0;34m[20:55:10][0m   Iteration 17/30 (107/180 total)...
[1;33m[20:55:10][0m     → INCONCLUSIVE (P=100.0%)
[0;34m[20:55:10][0m   Iteration 18/30 (108/180 total)...
[1;33m[20:55:10][0m     → INCONCLUSIVE (P=100.0%)
[0;34m[20:55:10][0m   Iteration 19/30 (109/180 total)...
[0;32m[20:55:10][0m     → TP (P=100.0%, 0s)
[0;34m[20:55:10][0m   Iteration 20/30 (110/180 total)...
[0;32m[20:55:11][0m     → TP (P=100.0%, 1s)
[0;34m[20:55:11][0m   Iteration 21/30 (111/180 total)...
[1;33m[20:55:11][0m     → INCONCLUSIVE (P=100.0%)
[0;34m[20:55:11][0m   Iteration 22/30 (112/180 total)...
[0;32m[20:55:11][0m     → TP (P=100.0%, 0s)
[0;34m[20:55:11][0m   Iteration 23/30 (113/180 total)...
[1;33m[20:55:12][0m     → INCONCLUSIVE (P=100.0%)
[0;34m[20:55:12][0m   Iteration 24/30 (114/180 total)...
[0;32m[20:55:12][0m     → TP (P=100.0%, 0s)
[0;34m[20:55:12][0m   Iteration 25/30 (115/180 total)...
[0;32m[20:55:12][0m     → TP (P=100.0%, 0s)
[0;34m[20:55:12][0m   Iteration 26/30 (116/180 total)...
[1;33m[20:55:13][0m     → INCONCLUSIVE (P=100.0%)
[0;34m[20:55:13][0m   Iteration 27/30 (117/180 total)...
[0;32m[20:55:13][0m     → TP (P=100.0%, 0s)
[0;34m[20:55:13][0m   Iteration 28/30 (118/180 total)...
[0;32m[20:55:13][0m     → TP (P=100.0%, 0s)
[0;34m[20:55:13][0m   Iteration 29/30 (119/180 total)...
[0;32m[20:55:14][0m     → TP (P=100.0%, 1s)
[0;34m[20:55:14][0m   Iteration 30/30 (120/180 total)...
[1;33m[20:55:14][0m     → INCONCLUSIVE (P=100.0%)
[0;34m[20:55:14][0m [5/6] Rust / injected / injected::injected_shift_50ns
[0;34m[20:55:14][0m   Iteration 1/30 (121/180 total)...
[1;33m[20:55:14][0m     → INCONCLUSIVE (P=0.0%)
[0;34m[20:55:14][0m   Iteration 2/30 (122/180 total)...
[1;33m[20:55:15][0m     → INCONCLUSIVE (P=0.0%)
[0;34m[20:55:15][0m   Iteration 3/30 (123/180 total)...
[0;31m[20:55:15][0m     → FN (P=0.0%)
[0;34m[20:55:15][0m   Iteration 4/30 (124/180 total)...
[1;33m[20:55:15][0m     → INCONCLUSIVE (P=0.0%)
[0;34m[20:55:15][0m   Iteration 5/30 (125/180 total)...
[0;31m[20:55:16][0m     → FN (P=0.0%)
[0;34m[20:55:16][0m   Iteration 6/30 (126/180 total)...
[1;33m[20:55:16][0m     → INCONCLUSIVE (P=0.0%)
[0;34m[20:55:16][0m   Iteration 7/30 (127/180 total)...
[0;31m[20:55:16][0m     → FN (P=0.0%)
[0;34m[20:55:16][0m   Iteration 8/30 (128/180 total)...
[0;31m[20:55:16][0m     → FN (P=0.0%)
[0;34m[20:55:16][0m   Iteration 9/30 (129/180 total)...
[0;31m[20:55:17][0m     → FN (P=0.0%)
[0;34m[20:55:17][0m   Iteration 10/30 (130/180 total)...
[1;33m[20:55:17][0m     → INCONCLUSIVE (P=0.0%)
[0;34m[20:55:17][0m   Iteration 11/30 (131/180 total)...
[1;33m[20:55:17][0m     → INCONCLUSIVE (P=0.0%)
[0;34m[20:55:17][0m   Iteration 12/30 (132/180 total)...
[0;31m[20:55:18][0m     → FN (P=0.0%)
[0;34m[20:55:18][0m   Iteration 13/30 (133/180 total)...
[1;33m[20:55:18][0m     → INCONCLUSIVE (P=0.0%)
[0;34m[20:55:18][0m   Iteration 14/30 (134/180 total)...
[0;31m[20:55:18][0m     → FN (P=0.0%)
[0;34m[20:55:18][0m   Iteration 15/30 (135/180 total)...
[1;33m[20:55:19][0m     → INCONCLUSIVE (P=0.0%)
[0;34m[20:55:19][0m   Iteration 16/30 (136/180 total)...
[1;33m[20:55:19][0m     → INCONCLUSIVE (P=0.0%)
[0;34m[20:55:19][0m   Iteration 17/30 (137/180 total)...
[1;33m[20:55:19][0m     → INCONCLUSIVE (P=0.0%)
[0;34m[20:55:19][0m   Iteration 18/30 (138/180 total)...
[1;33m[20:55:20][0m     → INCONCLUSIVE (P=0.0%)
[0;34m[20:55:20][0m   Iteration 19/30 (139/180 total)...
[1;33m[20:55:20][0m     → INCONCLUSIVE (P=0.0%)
[0;34m[20:55:20][0m   Iteration 20/30 (140/180 total)...
[1;33m[20:55:20][0m     → INCONCLUSIVE (P=0.0%)
[0;34m[20:55:20][0m   Iteration 21/30 (141/180 total)...
[1;33m[20:55:21][0m     → INCONCLUSIVE (P=0.0%)
[0;34m[20:55:21][0m   Iteration 22/30 (142/180 total)...
[1;33m[20:55:21][0m     → INCONCLUSIVE (P=0.0%)
[0;34m[20:55:21][0m   Iteration 23/30 (143/180 total)...
[0;31m[20:55:21][0m     → FN (P=0.0%)
[0;34m[20:55:21][0m   Iteration 24/30 (144/180 total)...
[0;31m[20:55:21][0m     → FN (P=0.0%)
[0;34m[20:55:21][0m   Iteration 25/30 (145/180 total)...
[0;31m[20:55:22][0m     → FN (P=0.0%)
[0;34m[20:55:22][0m   Iteration 26/30 (146/180 total)...
[0;31m[20:55:22][0m     → FN (P=0.0%)
[0;34m[20:55:22][0m   Iteration 27/30 (147/180 total)...
[1;33m[20:55:22][0m     → INCONCLUSIVE (P=0.0%)
[0;34m[20:55:22][0m   Iteration 28/30 (148/180 total)...
[1;33m[20:55:23][0m     → INCONCLUSIVE (P=0.0%)
[0;34m[20:55:23][0m   Iteration 29/30 (149/180 total)...
[1;33m[20:55:23][0m     → INCONCLUSIVE (P=0.0%)
[0;34m[20:55:23][0m   Iteration 30/30 (150/180 total)...
[1;33m[20:55:23][0m     → INCONCLUSIVE (P=0.0%)
[0;34m[20:55:23][0m [6/6] Rust / injected / injected::injected_shift_5ns
[0;34m[20:55:23][0m   Iteration 1/30 (151/180 total)...
[0;31m[20:55:24][0m     → FN (P=0.0%)
[0;34m[20:55:24][0m   Iteration 2/30 (152/180 total)...
[0;31m[20:55:24][0m     → FN (P=0.0%)
[0;34m[20:55:24][0m   Iteration 3/30 (153/180 total)...
[0;31m[20:55:24][0m     → FN (P=0.0%)
[0;34m[20:55:24][0m   Iteration 4/30 (154/180 total)...
[1;33m[20:55:25][0m     → INCONCLUSIVE (P=0.0%)
[0;34m[20:55:25][0m   Iteration 5/30 (155/180 total)...
[1;33m[20:55:25][0m     → INCONCLUSIVE (P=0.0%)
[0;34m[20:55:25][0m   Iteration 6/30 (156/180 total)...
[0;31m[20:55:25][0m     → FN (P=0.0%)
[0;34m[20:55:25][0m   Iteration 7/30 (157/180 total)...
[0;31m[20:55:25][0m     → FN (P=0.0%)
[0;34m[20:55:25][0m   Iteration 8/30 (158/180 total)...
[1;33m[20:55:26][0m     → INCONCLUSIVE (P=0.0%)
[0;34m[20:55:26][0m   Iteration 9/30 (159/180 total)...
[1;33m[20:55:26][0m     → INCONCLUSIVE (P=0.0%)
[0;34m[20:55:26][0m   Iteration 10/30 (160/180 total)...
[1;33m[20:55:26][0m     → INCONCLUSIVE (P=0.0%)
[0;34m[20:55:26][0m   Iteration 11/30 (161/180 total)...
[0;31m[20:55:27][0m     → FN (P=0.0%)
[0;34m[20:55:27][0m   Iteration 12/30 (162/180 total)...
[1;33m[20:55:27][0m     → INCONCLUSIVE (P=0.0%)
[0;34m[20:55:27][0m   Iteration 13/30 (163/180 total)...
[0;31m[20:55:27][0m     → FN (P=0.0%)
[0;34m[20:55:27][0m   Iteration 14/30 (164/180 total)...
[0;31m[20:55:28][0m     → FN (P=0.0%)
[0;34m[20:55:28][0m   Iteration 15/30 (165/180 total)...
[0;31m[20:55:28][0m     → FN (P=0.0%)
[0;34m[20:55:28][0m   Iteration 16/30 (166/180 total)...
[1;33m[20:55:28][0m     → INCONCLUSIVE (P=0.0%)
[0;34m[20:55:28][0m   Iteration 17/30 (167/180 total)...
[0;31m[20:55:29][0m     → FN (P=0.0%)
[0;34m[20:55:29][0m   Iteration 18/30 (168/180 total)...
[0;31m[20:55:29][0m     → FN (P=0.0%)
[0;34m[20:55:29][0m   Iteration 19/30 (169/180 total)...
[1;33m[20:55:29][0m     → INCONCLUSIVE (P=0.0%)
[0;34m[20:55:29][0m   Iteration 20/30 (170/180 total)...
[1;33m[20:55:30][0m     → INCONCLUSIVE (P=0.0%)
[0;34m[20:55:30][0m   Iteration 21/30 (171/180 total)...
[0;31m[20:55:30][0m     → FN (P=0.0%)
[0;34m[20:55:30][0m   Iteration 22/30 (172/180 total)...
[1;33m[20:55:30][0m     → INCONCLUSIVE (P=0.0%)
[0;34m[20:55:30][0m   Iteration 23/30 (173/180 total)...
[1;33m[20:55:30][0m     → INCONCLUSIVE (P=0.0%)
[0;34m[20:55:30][0m   Iteration 24/30 (174/180 total)...
[0;31m[20:55:31][0m     → FN (P=0.0%)
[0;34m[20:55:31][0m   Iteration 25/30 (175/180 total)...
[0;31m[20:55:31][0m     → FN (P=0.0%)
[0;34m[20:55:31][0m   Iteration 26/30 (176/180 total)...
[1;33m[20:55:31][0m     → INCONCLUSIVE (P=0.0%)
[0;34m[20:55:31][0m   Iteration 27/30 (177/180 total)...
[1;33m[20:55:32][0m     → INCONCLUSIVE (P=0.0%)
[0;34m[20:55:32][0m   Iteration 28/30 (178/180 total)...
[0;31m[20:55:32][0m     → FN (P=0.0%)
[0;34m[20:55:32][0m   Iteration 29/30 (179/180 total)...
[1;33m[20:55:32][0m     → INCONCLUSIVE (P=0.0%)
[0;34m[20:55:32][0m   Iteration 30/30 (180/180 total)...
[1;33m[20:55:33][0m     → INCONCLUSIVE (P=0.0%)
[0;34m[20:55:33][0m 
[0;34m[20:55:33][0m ==========================================
[0;34m[20:55:33][0m True Positive Rate Report (Leaky-test interpretation)
[0;34m[20:55:33][0m ==========================================
[0;34m[20:55:33][0m Iterations per test: 30
[0;34m[20:55:33][0m Output file: /root/bench-results/tier3/results.csv
[0;34m[20:55:33][0m 
[0;34m[20:55:33][0m Overall Results:
[0;34m[20:55:33][0m   Total runs:      180
[0;34m[20:55:33][0m   True positive:   27  (15.0%)
[0;34m[20:55:33][0m   False negative:  67  (37.2%)
[0;34m[20:55:33][0m   Inconclusive:    86 (47.8%)
[0;34m[20:55:33][0m   Skipped:         0
[0;34m[20:55:33][0m   Unknown:         0
[0;34m[20:55:33][0m 
True Positive Rate: 0.1500 (15.00%) on 180 non-skip trials
Wilson 95% CI: [10.52%, 20.94%]
[0;34m[20:55:33][0m 
