[injected_ring_aes_gcm_500ns 1/20] Rust,ring,injected_ring_aes_gcm_500ns,1,PASS,100.0,6000,0,2026-04-22T22:43:27Z
[injected_ring_aes_gcm_500ns 2/20] Rust,ring,injected_ring_aes_gcm_500ns,2,PASS,100.0,6000,0,2026-04-22T22:43:27Z
[injected_ring_aes_gcm_500ns 3/20] Rust,ring,injected_ring_aes_gcm_500ns,3,PASS,100.0,6000,0,2026-04-22T22:43:27Z
[injected_ring_aes_gcm_500ns 4/20] Rust,ring,injected_ring_aes_gcm_500ns,4,PASS,100.0,6000,1,2026-04-22T22:43:28Z
[injected_ring_aes_gcm_500ns 5/20] Rust,ring,injected_ring_aes_gcm_500ns,5,PASS,100.0,6000,0,2026-04-22T22:43:28Z
[injected_ring_aes_gcm_500ns 6/20] Rust,ring,injected_ring_aes_gcm_500ns,6,PASS,100.0,6000,0,2026-04-22T22:43:28Z
[injected_ring_aes_gcm_500ns 7/20] Rust,ring,injected_ring_aes_gcm_500ns,7,PASS,100.0,6000,1,2026-04-22T22:43:29Z
[injected_ring_aes_gcm_500ns 8/20] Rust,ring,injected_ring_aes_gcm_500ns,8,PASS,100.0,6000,0,2026-04-22T22:43:29Z
[injected_ring_aes_gcm_500ns 9/20] Rust,ring,injected_ring_aes_gcm_500ns,9,PASS,100.0,6000,0,2026-04-22T22:43:29Z
[injected_ring_aes_gcm_500ns 10/20] Rust,ring,injected_ring_aes_gcm_500ns,10,INCONCLUSIVE,100.0,6000,1,2026-04-22T22:43:30Z
[injected_ring_aes_gcm_500ns 11/20] Rust,ring,injected_ring_aes_gcm_500ns,11,INCONCLUSIVE,100.0,6000,0,2026-04-22T22:43:30Z
[injected_ring_aes_gcm_500ns 12/20] Rust,ring,injected_ring_aes_gcm_500ns,12,PASS,100.0,6000,0,2026-04-22T22:43:30Z
[injected_ring_aes_gcm_500ns 13/20] Rust,ring,injected_ring_aes_gcm_500ns,13,PASS,100.0,6000,0,2026-04-22T22:43:30Z
[injected_ring_aes_gcm_500ns 14/20] Rust,ring,injected_ring_aes_gcm_500ns,14,PASS,100.0,6000,1,2026-04-22T22:43:31Z
[injected_ring_aes_gcm_500ns 15/20] Rust,ring,injected_ring_aes_gcm_500ns,15,INCONCLUSIVE,100.0,6000,0,2026-04-22T22:43:31Z
[injected_ring_aes_gcm_500ns 16/20] Rust,ring,injected_ring_aes_gcm_500ns,16,PASS,100.0,6000,0,2026-04-22T22:43:31Z
[injected_ring_aes_gcm_500ns 17/20] Rust,ring,injected_ring_aes_gcm_500ns,17,PASS,100.0,6000,1,2026-04-22T22:43:32Z
[injected_ring_aes_gcm_500ns 18/20] Rust,ring,injected_ring_aes_gcm_500ns,18,PASS,100.0,6000,0,2026-04-22T22:43:32Z
[injected_ring_aes_gcm_500ns 19/20] Rust,ring,injected_ring_aes_gcm_500ns,19,PASS,100.0,6000,0,2026-04-22T22:43:32Z
[injected_ring_aes_gcm_500ns 20/20] Rust,ring,injected_ring_aes_gcm_500ns,20,PASS,100.0,6000,1,2026-04-22T22:43:33Z
[injected_chacha20poly1305_500ns 1/20] Rust,chacha20poly1305,injected_chacha20poly1305_500ns,1,PASS,100.0,6000,0,2026-04-22T22:43:33Z
[injected_chacha20poly1305_500ns 2/20] Rust,chacha20poly1305,injected_chacha20poly1305_500ns,2,PASS,100.0,6000,0,2026-04-22T22:43:33Z
[injected_chacha20poly1305_500ns 3/20] Rust,chacha20poly1305,injected_chacha20poly1305_500ns,3,PASS,100.0,6000,0,2026-04-22T22:43:33Z
[injected_chacha20poly1305_500ns 4/20] Rust,chacha20poly1305,injected_chacha20poly1305_500ns,4,INCONCLUSIVE,100.0,6000,1,2026-04-22T22:43:34Z
[injected_chacha20poly1305_500ns 5/20] Rust,chacha20poly1305,injected_chacha20poly1305_500ns,5,PASS,100.0,6000,0,2026-04-22T22:43:34Z
[injected_chacha20poly1305_500ns 6/20] Rust,chacha20poly1305,injected_chacha20poly1305_500ns,6,PASS,100.0,6000,0,2026-04-22T22:43:34Z
[injected_chacha20poly1305_500ns 7/20] Rust,chacha20poly1305,injected_chacha20poly1305_500ns,7,PASS,100.0,6000,1,2026-04-22T22:43:35Z
[injected_chacha20poly1305_500ns 8/20] Rust,chacha20poly1305,injected_chacha20poly1305_500ns,8,PASS,100.0,6000,0,2026-04-22T22:43:35Z
[injected_chacha20poly1305_500ns 9/20] Rust,chacha20poly1305,injected_chacha20poly1305_500ns,9,PASS,100.0,6000,0,2026-04-22T22:43:35Z
[injected_chacha20poly1305_500ns 10/20] Rust,chacha20poly1305,injected_chacha20poly1305_500ns,10,PASS,100.0,6000,1,2026-04-22T22:43:36Z
[injected_chacha20poly1305_500ns 11/20] Rust,chacha20poly1305,injected_chacha20poly1305_500ns,11,PASS,100.0,6000,0,2026-04-22T22:43:36Z
[injected_chacha20poly1305_500ns 12/20] Rust,chacha20poly1305,injected_chacha20poly1305_500ns,12,PASS,100.0,6000,0,2026-04-22T22:43:36Z
[injected_chacha20poly1305_500ns 13/20] Rust,chacha20poly1305,injected_chacha20poly1305_500ns,13,INCONCLUSIVE,100.0,6000,1,2026-04-22T22:43:37Z
[injected_chacha20poly1305_500ns 14/20] Rust,chacha20poly1305,injected_chacha20poly1305_500ns,14,PASS,100.0,6000,0,2026-04-22T22:43:37Z
[injected_chacha20poly1305_500ns 15/20] Rust,chacha20poly1305,injected_chacha20poly1305_500ns,15,PASS,100.0,6000,0,2026-04-22T22:43:37Z
[injected_chacha20poly1305_500ns 16/20] Rust,chacha20poly1305,injected_chacha20poly1305_500ns,16,PASS,100.0,6000,1,2026-04-22T22:43:38Z
[injected_chacha20poly1305_500ns 17/20] Rust,chacha20poly1305,injected_chacha20poly1305_500ns,17,PASS,100.0,6000,0,2026-04-22T22:43:38Z
[injected_chacha20poly1305_500ns 18/20] Rust,chacha20poly1305,injected_chacha20poly1305_500ns,18,PASS,100.0,6000,0,2026-04-22T22:43:38Z
[injected_chacha20poly1305_500ns 19/20] Rust,chacha20poly1305,injected_chacha20poly1305_500ns,19,PASS,100.0,6000,0,2026-04-22T22:43:38Z
[injected_chacha20poly1305_500ns 20/20] Rust,chacha20poly1305,injected_chacha20poly1305_500ns,20,PASS,100.0,6000,1,2026-04-22T22:43:39Z
[injected_sha3_256_500ns 1/20] Rust,sha3,injected_sha3_256_500ns,1,PASS,100.0,6000,0,2026-04-22T22:43:39Z
[injected_sha3_256_500ns 2/20] Rust,sha3,injected_sha3_256_500ns,2,PASS,100.0,6000,0,2026-04-22T22:43:39Z
[injected_sha3_256_500ns 3/20] Rust,sha3,injected_sha3_256_500ns,3,PASS,100.0,6000,1,2026-04-22T22:43:40Z
[injected_sha3_256_500ns 4/20] Rust,sha3,injected_sha3_256_500ns,4,PASS,100.0,6000,0,2026-04-22T22:43:40Z
[injected_sha3_256_500ns 5/20] Rust,sha3,injected_sha3_256_500ns,5,PASS,100.0,6000,0,2026-04-22T22:43:40Z
[injected_sha3_256_500ns 6/20] Rust,sha3,injected_sha3_256_500ns,6,INCONCLUSIVE,100.0,6000,1,2026-04-22T22:43:41Z
[injected_sha3_256_500ns 7/20] Rust,sha3,injected_sha3_256_500ns,7,PASS,100.0,6000,0,2026-04-22T22:43:41Z
[injected_sha3_256_500ns 8/20] Rust,sha3,injected_sha3_256_500ns,8,PASS,100.0,6000,0,2026-04-22T22:43:41Z
[injected_sha3_256_500ns 9/20] Rust,sha3,injected_sha3_256_500ns,9,PASS,100.0,6000,0,2026-04-22T22:43:41Z
[injected_sha3_256_500ns 10/20] Rust,sha3,injected_sha3_256_500ns,10,PASS,100.0,6000,1,2026-04-22T22:43:42Z
[injected_sha3_256_500ns 11/20] Rust,sha3,injected_sha3_256_500ns,11,PASS,100.0,6000,0,2026-04-22T22:43:42Z
[injected_sha3_256_500ns 12/20] Rust,sha3,injected_sha3_256_500ns,12,PASS,100.0,6000,0,2026-04-22T22:43:42Z
[injected_sha3_256_500ns 13/20] Rust,sha3,injected_sha3_256_500ns,13,PASS,100.0,6000,1,2026-04-22T22:43:43Z
[injected_sha3_256_500ns 14/20] Rust,sha3,injected_sha3_256_500ns,14,PASS,100.0,6000,0,2026-04-22T22:43:43Z
[injected_sha3_256_500ns 15/20] Rust,sha3,injected_sha3_256_500ns,15,INCONCLUSIVE,100.0,6000,0,2026-04-22T22:43:43Z
[injected_sha3_256_500ns 16/20] Rust,sha3,injected_sha3_256_500ns,16,PASS,100.0,6000,1,2026-04-22T22:43:44Z
[injected_sha3_256_500ns 17/20] Rust,sha3,injected_sha3_256_500ns,17,PASS,100.0,6000,0,2026-04-22T22:43:44Z
[injected_sha3_256_500ns 18/20] Rust,sha3,injected_sha3_256_500ns,18,PASS,100.0,6000,0,2026-04-22T22:43:44Z
[injected_sha3_256_500ns 19/20] Rust,sha3,injected_sha3_256_500ns,19,PASS,100.0,6000,0,2026-04-22T22:43:44Z
[injected_sha3_256_500ns 20/20] Rust,sha3,injected_sha3_256_500ns,20,PASS,100.0,6000,1,2026-04-22T22:43:45Z
[injected_x25519_500ns 1/20] Rust,x25519,injected_x25519_500ns,1,PASS,100.0,6000,1,2026-04-22T22:43:46Z
[injected_x25519_500ns 2/20] Rust,x25519,injected_x25519_500ns,2,PASS,100.0,6000,0,2026-04-22T22:43:46Z
[injected_x25519_500ns 3/20] Rust,x25519,injected_x25519_500ns,3,PASS,100.0,6000,1,2026-04-22T22:43:47Z
[injected_x25519_500ns 4/20] Rust,x25519,injected_x25519_500ns,4,PASS,100.0,6000,1,2026-04-22T22:43:48Z
[injected_x25519_500ns 5/20] Rust,x25519,injected_x25519_500ns,5,PASS,100.0,6000,1,2026-04-22T22:43:49Z
[injected_x25519_500ns 6/20] Rust,x25519,injected_x25519_500ns,6,PASS,100.0,6000,1,2026-04-22T22:43:50Z
[injected_x25519_500ns 7/20] Rust,x25519,injected_x25519_500ns,7,PASS,100.0,6000,0,2026-04-22T22:43:50Z
[injected_x25519_500ns 8/20] Rust,x25519,injected_x25519_500ns,8,PASS,100.0,6000,1,2026-04-22T22:43:51Z
[injected_x25519_500ns 9/20] Rust,x25519,injected_x25519_500ns,9,PASS,100.0,6000,1,2026-04-22T22:43:52Z
[injected_x25519_500ns 10/20] Rust,x25519,injected_x25519_500ns,10,PASS,100.0,6000,1,2026-04-22T22:43:53Z
[injected_x25519_500ns 11/20] Rust,x25519,injected_x25519_500ns,11,PASS,100.0,6000,1,2026-04-22T22:43:54Z
[injected_x25519_500ns 12/20] Rust,x25519,injected_x25519_500ns,12,PASS,100.0,6000,0,2026-04-22T22:43:54Z
[injected_x25519_500ns 13/20] Rust,x25519,injected_x25519_500ns,13,PASS,100.0,6000,1,2026-04-22T22:43:55Z
[injected_x25519_500ns 14/20] Rust,x25519,injected_x25519_500ns,14,PASS,100.0,6000,1,2026-04-22T22:43:56Z
[injected_x25519_500ns 15/20] Rust,x25519,injected_x25519_500ns,15,PASS,100.0,6000,1,2026-04-22T22:43:57Z
[injected_x25519_500ns 16/20] Rust,x25519,injected_x25519_500ns,16,PASS,100.0,6000,1,2026-04-22T22:43:58Z
[injected_x25519_500ns 17/20] Rust,x25519,injected_x25519_500ns,17,PASS,100.0,6000,0,2026-04-22T22:43:58Z
[injected_x25519_500ns 18/20] Rust,x25519,injected_x25519_500ns,18,PASS,100.0,6000,1,2026-04-22T22:43:59Z
[injected_x25519_500ns 19/20] Rust,x25519,injected_x25519_500ns,19,PASS,100.0,6000,1,2026-04-22T22:44:00Z
[injected_x25519_500ns 20/20] Rust,x25519,injected_x25519_500ns,20,PASS,100.0,6000,1,2026-04-22T22:44:01Z
[injected_ed25519_500ns 1/20] Rust,ed25519,injected_ed25519_500ns,1,PASS,100.0,6000,0,2026-04-22T22:44:01Z
[injected_ed25519_500ns 2/20] Rust,ed25519,injected_ed25519_500ns,2,PASS,100.0,6000,1,2026-04-22T22:44:02Z
[injected_ed25519_500ns 3/20] Rust,ed25519,injected_ed25519_500ns,3,PASS,100.0,6000,0,2026-04-22T22:44:02Z
[injected_ed25519_500ns 4/20] Rust,ed25519,injected_ed25519_500ns,4,PASS,100.0,6000,1,2026-04-22T22:44:03Z
[injected_ed25519_500ns 5/20] Rust,ed25519,injected_ed25519_500ns,5,PASS,100.0,6000,0,2026-04-22T22:44:03Z
[injected_ed25519_500ns 6/20] Rust,ed25519,injected_ed25519_500ns,6,PASS,100.0,6000,1,2026-04-22T22:44:04Z
[injected_ed25519_500ns 7/20] Rust,ed25519,injected_ed25519_500ns,7,PASS,100.0,6000,0,2026-04-22T22:44:04Z
[injected_ed25519_500ns 8/20] Rust,ed25519,injected_ed25519_500ns,8,PASS,100.0,6000,1,2026-04-22T22:44:05Z
[injected_ed25519_500ns 9/20] Rust,ed25519,injected_ed25519_500ns,9,PASS,100.0,6000,0,2026-04-22T22:44:05Z
[injected_ed25519_500ns 10/20] Rust,ed25519,injected_ed25519_500ns,10,PASS,100.0,6000,1,2026-04-22T22:44:06Z
[injected_ed25519_500ns 11/20] Rust,ed25519,injected_ed25519_500ns,11,PASS,100.0,6000,0,2026-04-22T22:44:06Z
[injected_ed25519_500ns 12/20] Rust,ed25519,injected_ed25519_500ns,12,PASS,100.0,6000,0,2026-04-22T22:44:06Z
[injected_ed25519_500ns 13/20] Rust,ed25519,injected_ed25519_500ns,13,PASS,100.0,6000,1,2026-04-22T22:44:07Z
[injected_ed25519_500ns 14/20] Rust,ed25519,injected_ed25519_500ns,14,PASS,100.0,6000,0,2026-04-22T22:44:07Z
[injected_ed25519_500ns 15/20] Rust,ed25519,injected_ed25519_500ns,15,PASS,100.0,6000,1,2026-04-22T22:44:08Z
[injected_ed25519_500ns 16/20] Rust,ed25519,injected_ed25519_500ns,16,PASS,100.0,6000,0,2026-04-22T22:44:08Z
[injected_ed25519_500ns 17/20] Rust,ed25519,injected_ed25519_500ns,17,PASS,100.0,6000,1,2026-04-22T22:44:09Z
[injected_ed25519_500ns 18/20] Rust,ed25519,injected_ed25519_500ns,18,PASS,100.0,6000,0,2026-04-22T22:44:09Z
[injected_ed25519_500ns 19/20] Rust,ed25519,injected_ed25519_500ns,19,PASS,100.0,6000,1,2026-04-22T22:44:10Z
[injected_ed25519_500ns 20/20] Rust,ed25519,injected_ed25519_500ns,20,PASS,100.0,6000,0,2026-04-22T22:44:10Z
[injected_kyber768_500ns 1/20] Rust,kyber,injected_kyber768_500ns,1,PASS,100.0,6000,1,2026-04-22T22:44:11Z
[injected_kyber768_500ns 2/20] Rust,kyber,injected_kyber768_500ns,2,PASS,100.0,6000,0,2026-04-22T22:44:11Z
[injected_kyber768_500ns 3/20] Rust,kyber,injected_kyber768_500ns,3,PASS,100.0,6000,0,2026-04-22T22:44:11Z
[injected_kyber768_500ns 4/20] Rust,kyber,injected_kyber768_500ns,4,PASS,100.0,6000,1,2026-04-22T22:44:12Z
[injected_kyber768_500ns 5/20] Rust,kyber,injected_kyber768_500ns,5,PASS,100.0,6000,0,2026-04-22T22:44:12Z
[injected_kyber768_500ns 6/20] Rust,kyber,injected_kyber768_500ns,6,PASS,100.0,6000,1,2026-04-22T22:44:13Z
[injected_kyber768_500ns 7/20] Rust,kyber,injected_kyber768_500ns,7,PASS,100.0,6000,0,2026-04-22T22:44:13Z
[injected_kyber768_500ns 8/20] Rust,kyber,injected_kyber768_500ns,8,INCONCLUSIVE,100.0,6000,1,2026-04-22T22:44:14Z
[injected_kyber768_500ns 9/20] Rust,kyber,injected_kyber768_500ns,9,PASS,100.0,6000,0,2026-04-22T22:44:14Z
[injected_kyber768_500ns 10/20] Rust,kyber,injected_kyber768_500ns,10,PASS,100.0,6000,0,2026-04-22T22:44:14Z
[injected_kyber768_500ns 11/20] Rust,kyber,injected_kyber768_500ns,11,PASS,100.0,6000,1,2026-04-22T22:44:15Z
[injected_kyber768_500ns 12/20] Rust,kyber,injected_kyber768_500ns,12,PASS,100.0,6000,0,2026-04-22T22:44:15Z
[injected_kyber768_500ns 13/20] Rust,kyber,injected_kyber768_500ns,13,PASS,100.0,6000,1,2026-04-22T22:44:16Z
[injected_kyber768_500ns 14/20] Rust,kyber,injected_kyber768_500ns,14,PASS,100.0,6000,0,2026-04-22T22:44:16Z
[injected_kyber768_500ns 15/20] Rust,kyber,injected_kyber768_500ns,15,PASS,100.0,6000,0,2026-04-22T22:44:16Z
[injected_kyber768_500ns 16/20] Rust,kyber,injected_kyber768_500ns,16,PASS,100.0,6000,1,2026-04-22T22:44:17Z
[injected_kyber768_500ns 17/20] Rust,kyber,injected_kyber768_500ns,17,PASS,100.0,6000,0,2026-04-22T22:44:17Z
[injected_kyber768_500ns 18/20] Rust,kyber,injected_kyber768_500ns,18,PASS,100.0,6000,1,2026-04-22T22:44:18Z
[injected_kyber768_500ns 19/20] Rust,kyber,injected_kyber768_500ns,19,PASS,100.0,6000,0,2026-04-22T22:44:18Z
[injected_kyber768_500ns 20/20] Rust,kyber,injected_kyber768_500ns,20,PASS,100.0,6000,1,2026-04-22T22:44:19Z
DONE
